2026-02-15 20:24:51,826 - INFO - Pipeline started
2026-02-15 20:24:51,826 - INFO - Installing dependencies
2026-02-15 20:26:09,512 - INFO - Pipeline started
2026-02-15 20:26:09,512 - INFO - Installing dependencies
2026-02-15 20:26:09,705 - INFO - Running pytest
2026-02-15 20:31:46,878 - INFO - Pipeline started
2026-02-15 20:31:46,878 - INFO - Installing dependencies
2026-02-15 20:31:47,085 - INFO - Running pytest
2026-02-15 20:31:47,714 - INFO - Running unittest
2026-02-15 20:31:47,792 - INFO - Building project
2026-02-15 20:31:47,796 - INFO - Deploying project
2026-02-15 20:31:47,796 - INFO - Pipeline completed successfully
2026-02-15 20:34:01,486 - INFO - Pipeline started
2026-02-15 20:34:01,486 - INFO - Installing dependencies
2026-02-15 20:34:01,677 - INFO - Running pytest
2026-02-15 20:34:02,256 - INFO - Running unittest
2026-02-15 20:34:02,349 - INFO - Building project
2026-02-15 20:34:02,355 - INFO - Deploying project
2026-02-15 20:34:02,355 - INFO - Pipeline completed successfully
2026-02-15 20:34:02,385 - INFO - Pipeline started
2026-02-15 20:34:02,385 - INFO - Installing dependencies
2026-02-15 20:34:02,592 - INFO - Running pytest
2026-02-15 20:34:02,865 - INFO - Running unittest
2026-02-15 20:34:02,938 - INFO - Building project
2026-02-15 20:34:02,943 - INFO - Deploying project
2026-02-15 20:34:02,943 - INFO - Pipeline completed successfully
2026-02-15 20:34:02,970 - INFO - Pipeline started
2026-02-15 20:34:02,970 - INFO - Installing dependencies
2026-02-15 20:34:03,153 - INFO - Running pytest
2026-02-15 20:34:03,799 - INFO - Running unittest
2026-02-15 20:34:03,874 - INFO - Building project
2026-02-15 20:34:03,878 - INFO - Deploying project
2026-02-15 20:34:03,878 - INFO - Pipeline completed successfully
2026-02-15 20:34:03,904 - INFO - Pipeline started
2026-02-15 20:34:03,904 - INFO - Installing dependencies
2026-02-15 20:34:04,086 - INFO - Running pytest
2026-02-15 20:34:04,466 - INFO - Running unittest
2026-02-15 20:34:04,541 - INFO - Building project
2026-02-15 20:34:04,545 - INFO - Deploying project
2026-02-15 20:34:04,546 - INFO - Pipeline completed successfully
2026-02-15 20:34:04,572 - INFO - Pipeline started
2026-02-15 20:34:04,572 - INFO - Installing dependencies
2026-02-15 20:34:04,757 - INFO - Running pytest
2026-02-15 20:34:05,032 - INFO - Running unittest
2026-02-15 20:34:05,104 - INFO - Building project
2026-02-15 20:34:05,108 - INFO - Deploying project
2026-02-15 20:34:05,108 - INFO - Pipeline completed successfully
2026-02-16 12:13:57,091 - INFO - Pipeline started
2026-02-16 12:13:57,092 - INFO - Installing dependencies
2026-02-16 12:13:59,094 - INFO - Running pytest
2026-02-16 12:14:01,967 - INFO - Running unittest
2026-02-16 12:14:02,299 - INFO - Building project
2026-02-16 12:14:02,326 - INFO - Deploying project
2026-02-16 12:14:02,339 - INFO - Pipeline completed successfully
2026-02-16 13:41:07,287 - INFO - Pipeline started
2026-02-16 13:41:07,288 - INFO - Installing dependencies
2026-02-16 13:41:09,099 - INFO - Running pytest
2026-02-16 13:41:10,392 - INFO - Running unittest
2026-02-16 13:41:10,710 - INFO - Building project
2026-02-16 13:41:10,727 - INFO - Deploying project
2026-02-16 13:41:10,744 - INFO - Pipeline completed successfully
